#
# There is insufficient memory for the Java Runtime Environment to continue.
# Native memory allocation (malloc) failed to allocate 1048576 bytes. Error detail: AllocateHeap
# Possible reasons:
#   The system is out of physical RAM or swap space
#   This process is running with CompressedOops enabled, and the Java Heap may be blocking the growth of the native heap
# Possible solutions:
#   Reduce memory load on the system
#   Increase physical memory or swap space
#   Check if swap backing store is full
#   Decrease Java heap size (-Xmx/-Xms)
#   Decrease number of Java threads
#   Decrease Java thread stack sizes (-Xss)
#   Set larger code cache with -XX:ReservedCodeCacheSize=
#   JVM is running with Unscaled Compressed Oops mode in which the Java heap is
#     placed in the first 4GB address space. The Java Heap base address is the
#     maximum limit for the native heap growth. Please use -XX:HeapBaseMinAddress
#     to set the Java Heap base and to place the Java Heap above 4GB virtual address.
# This output file may be truncated or incomplete.
#
#  Out of Memory Error (allocation.cpp:44), pid=10908, tid=3756
#
# JRE version:  (24.0.1+9) (build )
# Java VM: Java HotSpot(TM) 64-Bit Server VM (24.0.1+9-30, mixed mode, sharing, tiered, compressed oops, compressed class ptrs, g1 gc, windows-amd64)
# No core dump will be written. Minidumps are not enabled by default on client versions of Windows
#

---------------  S U M M A R Y ------------

Command Line: -Dclassworlds.conf=C:\Users\HP\Downloads\software - downloaded\apache-maven-3.9.11-bin\apache-maven-3.9.11\bin\m2.conf -Dmaven.home=C:\Users\HP\Downloads\software - downloaded\apache-maven-3.9.11-bin\apache-maven-3.9.11 -Dlibrary.jansi.path=C:\Users\HP\Downloads\software - downloaded\apache-maven-3.9.11-bin\apache-maven-3.9.11\lib\jansi-native -Dmaven.multiModuleProjectDirectory=C:\Users\HP\AnypointStudio\studio-workspace\deployment-test org.codehaus.plexus.classworlds.launcher.Launcher clean deploy -DmuleDeploy

Host: Intel(R) Core(TM) i5-6200U CPU @ 2.30GHz, 4 cores, 3G,  Windows 11 , 64 bit Build 22621 (10.0.22621.3958)
Time: Tue Sep  2 22:51:54 2025 India Standard Time elapsed time: 0.021200 seconds (0d 0h 0m 0s)

---------------  T H R E A D  ---------------

Current thread (0x000001d6302efd50):  JavaThread "Unknown thread" [_thread_in_vm, id=3756, stack(0x0000006043b00000,0x0000006043c00000) (1024K)]

Stack: [0x0000006043b00000,0x0000006043c00000]
Native frames: (J=compiled Java code, j=interpreted, Vv=VM code, C=native code)
V  [jvm.dll+0x730739]  (no source info available)
V  [jvm.dll+0x8d9b23]  (no source info available)
V  [jvm.dll+0x8dc00d]  (no source info available)
V  [jvm.dll+0x8dc683]  (no source info available)
V  [jvm.dll+0x2aa086]  (no source info available)
V  [jvm.dll+0xbe9d7]  (no source info available)
V  [jvm.dll+0x366825]  (no source info available)
V  [jvm.dll+0x35dd61]  (no source info available)
V  [jvm.dll+0x89d28f]  (no source info available)
V  [jvm.dll+0x3f985d]  (no source info available)
V  [jvm.dll+0x8858e6]  (no source info available)
V  [jvm.dll+0x495f3e]  (no source info available)
V  [jvm.dll+0x497d11]  (no source info available)
C  [jli.dll+0x52a1]  (no source info available)
C  [ucrtbase.dll+0x29333]  (no source info available)
C  [KERNEL32.DLL+0x1257d]  (no source info available)
C  [ntdll.dll+0x5af08]  (no source info available)

Lock stack of current Java thread (top to bottom):


---------------  P R O C E S S  ---------------

Threads class SMR info:
_java_thread_list=0x00007ffb4873f318, length=0, elements={
}

Java Threads: ( => current thread )
Total: 0

Other Threads:
  0x000001d632614080 WorkerThread "GC Thread#0"                     [id=20092, stack(0x0000006043c00000,0x0000006043d00000) (1024K)]

[error occurred during error reporting (printing all threads), id 0xc0000005, EXCEPTION_ACCESS_VIOLATION (0xc0000005) at pc=0x00007ffb47e6bcd0]
VM state: not at safepoint (not fully initialized)

VM Mutex/Monitor currently owned by a thread:  ([mutex/lock_event])
[0x00007ffb487c45b0] Heap_lock - owner thread: 0x000001d6302efd50

Heap address: 0x00000000c1a00000, size: 998 MB, Compressed Oops mode: 32-bit

CDS archive(s) mapped at: [0x0000000000000000-0x0000000000000000-0x0000000000000000), size 0, SharedBaseAddress: 0x0000000800000000, ArchiveRelocationMode: 1.
UseCompressedClassPointers 1, UseCompactObjectHeaders 0
Narrow klass pointer bits 32, Max shift 3
Narrow klass base: 0xffffffffffffffff, Narrow klass shift: -1
Encoding Range: [0xffffffffffffffff - 0x000000007fffffff), (2147483648 bytes)
Klass Range:    [0x0000000000000000 - 0x0000000000000000), (0 bytes)
Klass ID Range:  [4294967295 - 0) (1)

GC Precious Log:
 CardTable entry size: 512
 Card Set container configuration: InlinePtr #cards 5 size 8 Array Of Cards #cards 10 size 36 Howl #buckets 4 coarsen threshold 1843 Howl Bitmap #cards 512 size 80 coarsen threshold 460 Card regions per heap region 1 cards per card region 2048

Heap:
 garbage-first heap   total reserved 1021952K, committed 0K, used 0K [0x00000000c1a00000, 0x0000000100000000)
  region size 1024K, 0 young (0K), 0 survivors (0K)

[error occurred during error reporting (printing heap information), id 0xc0000005, EXCEPTION_ACCESS_VIOLATION (0xc0000005) at pc=0x00007ffb4828e3e9]
GC Heap History (0 events):
No events

Dll operation events (1 events):
Event: 0.014 Loaded shared library C:\Program Files\Java\jdk-24\bin\java.dll

Deoptimization events (0 events):
No events

Classes loaded (0 events):
No events

Classes unloaded (0 events):
No events

Classes redefined (0 events):
No events

Internal exceptions (0 events):
No events

VM Operations (0 events):
No events

Memory protections (0 events):
No events

Nmethod flushes (0 events):
No events

Events (0 events):
No events


Dynamic libraries:
0x00007ff7fcf00000 - 0x00007ff7fcf10000 	C:\Program Files\Java\jdk-24\bin\java.exe
0x00007ffbe07d0000 - 0x00007ffbe09e7000 	C:\Windows\SYSTEM32\ntdll.dll
0x00007ffbdfe60000 - 0x00007ffbdff24000 	C:\Windows\System32\KERNEL32.DLL
0x00007ffbddcf0000 - 0x00007ffbde0a7000 	C:\Windows\System32\KERNELBASE.dll
0x00007ffbde2c0000 - 0x00007ffbde3d1000 	C:\Windows\System32\ucrtbase.dll
0x00007ffbc45a0000 - 0x00007ffbc45bb000 	C:\Program Files\Java\jdk-24\bin\VCRUNTIME140.dll
0x00007ffbb8d40000 - 0x00007ffbb8d56000 	C:\Program Files\Java\jdk-24\bin\jli.dll
0x00007ffbe04e0000 - 0x00007ffbe068f000 	C:\Windows\System32\USER32.dll
0x00007ffbcd210000 - 0x00007ffbcd4a3000 	C:\Windows\WinSxS\amd64_microsoft.windows.common-controls_6595b64144ccf1df_6.0.22621.3672_none_2713b9d173822955\COMCTL32.dll
0x00007ffbde0b0000 - 0x00007ffbde0d6000 	C:\Windows\System32\win32u.dll
0x00007ffbde9f0000 - 0x00007ffbdea19000 	C:\Windows\System32\GDI32.dll
0x00007ffbe01f0000 - 0x00007ffbe0297000 	C:\Windows\System32\msvcrt.dll
0x00007ffbde0e0000 - 0x00007ffbde1f8000 	C:\Windows\System32\gdi32full.dll
0x00007ffbde460000 - 0x00007ffbde4fa000 	C:\Windows\System32\msvcp_win.dll
0x00007ffbe0690000 - 0x00007ffbe06c1000 	C:\Windows\System32\IMM32.DLL
0x00007ffbc4530000 - 0x00007ffbc453c000 	C:\Program Files\Java\jdk-24\bin\vcruntime140_1.dll
0x00007ffba9c20000 - 0x00007ffba9cae000 	C:\Program Files\Java\jdk-24\bin\msvcp140.dll
0x00007ffb47b00000 - 0x00007ffb488a2000 	C:\Program Files\Java\jdk-24\bin\server\jvm.dll
0x00007ffbdfda0000 - 0x00007ffbdfe52000 	C:\Windows\System32\ADVAPI32.dll
0x00007ffbde940000 - 0x00007ffbde9e8000 	C:\Windows\System32\sechost.dll
0x00007ffbddc50000 - 0x00007ffbddc78000 	C:\Windows\System32\bcrypt.dll
0x00007ffbdea20000 - 0x00007ffbdeb34000 	C:\Windows\System32\RPCRT4.dll
0x00007ffbe02a0000 - 0x00007ffbe0311000 	C:\Windows\System32\WS2_32.dll
0x00007ffbdd9b0000 - 0x00007ffbdd9fd000 	C:\Windows\SYSTEM32\POWRPROF.dll
0x00007ffbd6d20000 - 0x00007ffbd6d54000 	C:\Windows\SYSTEM32\WINMM.dll
0x00007ffbd7160000 - 0x00007ffbd716a000 	C:\Windows\SYSTEM32\VERSION.dll
0x00007ffbdd990000 - 0x00007ffbdd9a3000 	C:\Windows\SYSTEM32\UMPDC.dll
0x00007ffbdcb30000 - 0x00007ffbdcb48000 	C:\Windows\SYSTEM32\kernel.appcore.dll
0x00007ffbc4160000 - 0x00007ffbc416a000 	C:\Program Files\Java\jdk-24\bin\jimage.dll
0x00007ffbc3840000 - 0x00007ffbc3a72000 	C:\Windows\SYSTEM32\DBGHELP.DLL
0x00007ffbdf590000 - 0x00007ffbdf91e000 	C:\Windows\System32\combase.dll
0x00007ffbde740000 - 0x00007ffbde817000 	C:\Windows\System32\OLEAUT32.dll
0x00007ffbc3800000 - 0x00007ffbc3832000 	C:\Windows\SYSTEM32\dbgcore.DLL
0x00007ffbde3e0000 - 0x00007ffbde45b000 	C:\Windows\System32\bcryptPrimitives.dll
0x00007ffbb2740000 - 0x00007ffbb275e000 	C:\Program Files\Java\jdk-24\bin\java.dll
0x00007ffbdff30000 - 0x00007ffbe00d5000 	C:\Windows\System32\ole32.dll
0x00007ffbdebc0000 - 0x00007ffbdf429000 	C:\Windows\System32\SHELL32.dll

JVMTI agents: none

dbghelp: loaded successfully - version: 4.0.5 - missing functions: none
symbol engine: initialized successfully - sym options: 0x614 - pdb path: .;C:\Program Files\Java\jdk-24\bin;C:\Windows\SYSTEM32;C:\Windows\WinSxS\amd64_microsoft.windows.common-controls_6595b64144ccf1df_6.0.22621.3672_none_2713b9d173822955;C:\Program Files\Java\jdk-24\bin\server

VM Arguments:
jvm_args: -Dclassworlds.conf=C:\Users\HP\Downloads\software - downloaded\apache-maven-3.9.11-bin\apache-maven-3.9.11\bin\m2.conf -Dmaven.home=C:\Users\HP\Downloads\software - downloaded\apache-maven-3.9.11-bin\apache-maven-3.9.11 -Dlibrary.jansi.path=C:\Users\HP\Downloads\software - downloaded\apache-maven-3.9.11-bin\apache-maven-3.9.11\lib\jansi-native -Dmaven.multiModuleProjectDirectory=C:\Users\HP\AnypointStudio\studio-workspace\deployment-test 
java_command: org.codehaus.plexus.classworlds.launcher.Launcher clean deploy -DmuleDeploy
java_class_path (initial): C:\Users\HP\Downloads\software - downloaded\apache-maven-3.9.11-bin\apache-maven-3.9.11\boot\plexus-classworlds-2.9.0.jar
Launcher Type: SUN_STANDARD

[Global flags]
     intx CICompilerCount                          = 3                                         {product} {ergonomic}
     uint ConcGCThreads                            = 1                                         {product} {ergonomic}
     uint G1ConcRefinementThreads                  = 4                                         {product} {ergonomic}
   size_t G1HeapRegionSize                         = 1048576                                   {product} {ergonomic}
   size_t InitialHeapSize                          = 67108864                                  {product} {ergonomic}
   size_t MarkStackSize                            = 4194304                                   {product} {ergonomic}
   size_t MarkStackSizeMax                         = 536870912                                 {product} {ergonomic}
   size_t MaxHeapSize                              = 1046478848                                {product} {ergonomic}
   size_t MinHeapDeltaBytes                        = 1048576                                   {product} {ergonomic}
   size_t MinHeapSize                              = 8388608                                   {product} {ergonomic}
    uintx NonNMethodCodeHeapSize                   = 5832704                                {pd product} {ergonomic}
    uintx NonProfiledCodeHeapSize                  = 122945536                              {pd product} {ergonomic}
    uintx ProfiledCodeHeapSize                     = 122880000                              {pd product} {ergonomic}
    uintx ReservedCodeCacheSize                    = 251658240                              {pd product} {ergonomic}
     bool SegmentedCodeCache                       = true                                      {product} {ergonomic}
   size_t SoftMaxHeapSize                          = 1046478848                             {manageable} {ergonomic}
     bool UseCompressedOops                        = true                           {product lp64_product} {ergonomic}
     bool UseG1GC                                  = true                                      {product} {ergonomic}
     bool UseLargePagesIndividualAllocation        = false                                  {pd product} {ergonomic}

Logging:
Log output configuration:
 #0: stdout all=warning uptime,level,tags foldmultilines=false
 #1: stderr all=off uptime,level,tags foldmultilines=false

Environment Variables:
PATH=C:\oraclexe\app\oracle\product\10.2.0\server\bin;C:\Program Files\Common Files\Oracle\Java\javapath;C:\Windows\system32;C:\Windows;C:\Windows\System32\Wbem;C:\Windows\System32\WindowsPowerShell\v1.0\;C:\Windows\System32\OpenSSH\;C:\Program Files\Java\jdk-24\bin;C:\Users\HP\Downloads\testng-7.11.0.jar;C:\Program Files\Git\cmd;C:\Users\HP\Downloads\software - downloaded\apache-maven-3.9.11-bin\apache-maven-3.9.11\bin;C:\Program Files\MySQL\MySQL Shell 8.0\bin\;C:\Users\HP\AppData\Local\Microsoft\WindowsApps
USERNAME=HP
OS=Windows_NT
PROCESSOR_IDENTIFIER=Intel64 Family 6 Model 78 Stepping 3, GenuineIntel
TMP=C:\Users\HP\AppData\Local\Temp
TEMP=C:\Users\HP\AppData\Local\Temp




Periodic native trim disabled

---------------  S Y S T E M  ---------------

OS:
 Windows 11 , 64 bit Build 22621 (10.0.22621.3958)
OS uptime: 8 days 10:12 hours

CPU: total 4 (initial active 4) (2 cores per cpu, 2 threads per core) family 6 model 78 stepping 3 microcode 0xf0, cx8, cmov, fxsr, ht, mmx, 3dnowpref, sse, sse2, sse3, ssse3, sse4.1, sse4.2, popcnt, lzcnt, tsc, tscinvbit, avx, avx2, aes, erms, clmul, bmi1, bmi2, adx, fma, vzeroupper, clflush, clflushopt, rdtscp, f16c
Processor Information for processor 0
  Max Mhz: 2401, Current Mhz: 2401, Mhz Limit: 2401
Processor Information for processor 1
  Max Mhz: 2401, Current Mhz: 1500, Mhz Limit: 2401
Processor Information for processor 2
  Max Mhz: 2401, Current Mhz: 1500, Mhz Limit: 2401
Processor Information for processor 3
  Max Mhz: 2401, Current Mhz: 1500, Mhz Limit: 2401

Memory: 4k page, system-wide physical 3986M (94M free)
TotalPageFile size 16274M (AvailPageFile size 5M)
current process WorkingSet (physical memory assigned to process): 11M, peak: 11M
current process commit charge ("private bytes"): 50M, peak: 50M

vm_info: Java HotSpot(TM) 64-Bit Server VM (24.0.1+9-30) for windows-amd64 JRE (24.0.1+9-30), built on 2025-03-05T07:23:45Z with MS VC++ 17.6 (VS2022)

END.
